BEGIN 1:cn_core:fast:work
    gen_cn_buses_19.min_cn_proc_8 :  1:cn_core:fast:work
    gen_out_buses_5_6_7_19.out_mul_1 :  1:cn_core:fast:work
    gen_cn_buses_19.min_cn_proc_4 :  1:cn_core:fast:work
    gen_out_buses_5_6_7_19.in_1_mul_1 :  1:cn_core:fast:work
    gen_bus_19.bus_gen_19[0].in_cn_proc_19 :  1:cn_core:fast:work
    gen_out_buses_5_6_7_19.out_mul_0 :  1:cn_core:fast:work
    gen_cn_buses_19.in_cn_proc_9 :  1:cn_core:fast:work
    gen_out_buses_5_6_7_19.in_0_demux_min_30 :  1:cn_core:fast:work
    gen_out_buses_5_6_7_19.in_1_mul_0 :  1:cn_core:fast:work
    gen_cn_buses_19.sgn_mul_cn_proc_8 :  1:cn_core:fast:work
    gen_cn_buses_19.sgn_mul_cn_proc_5 :  1:cn_core:fast:work
    gen_out_buses_5_6_7_19.in_1_demux_min_31 :  1:cn_core:fast:work
    gen_cn_buses_19.in_cn_proc_3 :  1:cn_core:fast:work
    gen_min_mul_buses_19.out_demux_min_2 :  1:cn_core:fast:work
    gen_out_buses_5_6_7_19.out_demux_min_30 :  1:cn_core:fast:work
    gen_cn_buses_19.sgn_mul_cn_proc_19 :  1:cn_core:fast:work
    gen_cn_buses_19.sgn_mul_cn_proc_7 :  1:cn_core:fast:work
    gen_cn_buses_19.min_cn_proc_10 :  1:cn_core:fast:work
    gen_out_buses_5_6_7_19.out_demux_mul_31 :  1:cn_core:fast:work
    gen_cn_buses_19.min_cn_proc_6 :  1:cn_core:fast:work
    gen_cn_buses_19.in_cn_proc_6 :  1:cn_core:fast:work
    gen_out_buses_5_6_7_19.in_0_mul_out :  1:cn_core:fast:work
    gen_cn_buses_19.sgn_mul_cn_proc_4 :  1:cn_core:fast:work
    gen_out_buses_5_6_7_19.in_0_demux_mul_31 :  1:cn_core:fast:work
    gen_min_mul_buses_19.out_demux_min_0 :  1:cn_core:fast:work
    gen_out_buses_5_6_7_19.in_0_mul_1 :  1:cn_core:fast:work
    gen_cn_buses_19.sgn_mul_cn_proc_10 :  1:cn_core:fast:work
    gen_out_buses_5_6_7_19.in_1_demux_min_30 :  1:cn_core:fast:work
    gen_out_buses_5_6_7_19.in_0_demux_mul_30 :  1:cn_core:fast:work
    gen_cn_buses_19.min_cn_proc_9 :  1:cn_core:fast:work
    gen_out_buses_5_6_7_19.in_0_min_0 :  1:cn_core:fast:work
    gen_out_buses_5_6_7_19.out_min_1 :  1:cn_core:fast:work
    gen_cn_buses_19.in_cn_proc_4 :  1:cn_core:fast:work
    gen_min_mul_buses_19.out_demux_mul_0 :  1:cn_core:fast:work
    gen_out_buses_5_6_7_19.in_1_min_1 :  1:cn_core:fast:work
    gen_cn_buses_19.min_cn_proc_3 :  1:cn_core:fast:work
    gen_out_buses_5_6_7_19.out_min_0 :  1:cn_core:fast:work
    gen_cn_buses_19.in_cn_proc_10 :  1:cn_core:fast:work
    gen_out_buses_5_6_7_19.out_mul_out :  1:cn_core:fast:work
    gen_out_buses_5_6_7_19.in_1_min_0 :  1:cn_core:fast:work
    gen_cn_buses_19.in_cn_proc_7 :  1:cn_core:fast:work
    gen_out_buses_5_6_7_19.out_demux_min_31 :  1:cn_core:fast:work
    gen_min_mul_buses_19.out_demux_mul_1 :  1:cn_core:fast:work
    gen_out_buses_5_6_7_19.in_1_demux_mul_31 :  1:cn_core:fast:work
    gen_min_mul_buses_19.out_demux_min_1 :  1:cn_core:fast:work
    gen_out_buses_5_6_7_19.out_demux_mul_30 :  1:cn_core:fast:work
    gen_cn_buses_19.min_cn_proc_19 :  1:cn_core:fast:work
    gen_out_buses_5_6_7_19.in_1_demux_mul_30 :  1:cn_core:fast:work
    gen_cn_buses_19.in_cn_proc_8 :  1:cn_core:fast:work
    gen_cn_buses_19.sgn_mul_cn_proc_6 :  1:cn_core:fast:work
    gen_out_buses_5_6_7_19.in_0_mul_0 :  1:cn_core:fast:work
    gen_cn_buses_19.in_cn_proc_5 :  1:cn_core:fast:work
    gen_cn_buses_19.min_cn_proc_5 :  1:cn_core:fast:work
    gen_out_buses_5_6_7_19.in_0_demux_min_31 :  1:cn_core:fast:work
    gen_cn_buses_19.sgn_mul_cn_proc_3 :  1:cn_core:fast:work
    gen_out_buses_5_6_7_19.in_0_min_1 :  1:cn_core:fast:work
    gen_cn_buses_19.in_cn_proc_19 :  1:cn_core:fast:work
    gen_cn_buses_19.min_cn_proc_7 :  1:cn_core:fast:work
    gen_cn_buses_19.sgn_mul_cn_proc_9 :  1:cn_core:fast:work
    gen_out_buses_5_6_7_19.in_1_mul_out :  1:cn_core:fast:work
    gen_min_mul_buses_19.out_demux_mul_2 :  1:cn_core:fast:work
END 
